// Jest Snapshot v1, https://goo.gl/fbAQLP

exports[`rotas/AppRotas deve renderizar sem erros 1`] = `[Function]`;
